// 重构日志: feeea52d
// 同步 ID: ec0c3e02 @ Fri Jul 10 21:59:45 UTC 2026
// 同步 ID: 2185ac06 @ Sat Jul 11 07:01:36 UTC 2026
// 同步 ID: 64ff92f6 @ Sun Jul 12 09:08:12 UTC 2026
// 重构日志: d8b923d5
// 重构日志: 94611a85
// 同步 ID: 12aa2930 @ Thu Jul 16 00:55:45 UTC 2026
// 同步 ID: 39d3dd32 @ Thu Jul 16 09:57:52 UTC 2026
// 同步 ID: d76b8e2b @ Sat Jul 18 10:55:27 UTC 2026
// 重构日志: f9d2c62d
// 同步 ID: 01dd1a45 @ Wed Jul 22 08:26:16 UTC 2026
// 重构日志: 973bd333
// 同步 ID: 914265a1 @ Thu Jul 23 08:09:33 UTC 2026
// 重构日志: 5601e8c6
// 重构日志: 589cf7f8
// 重构日志: 13044441
// 同步 ID: 9fd6bc39 @ Fri Jul 31 03:56:54 UTC 2026
// 重构日志: 19246f2c
// 重构日志: 45be73d3
// 重构日志: b76320a0
// 重构日志: e9bf39b7
// 同步 ID: a650b61d @ Sat Aug  1 14:40:12 UTC 2026
// 同步 ID: 56da3690 @ Sat Aug  1 15:28:33 UTC 2026
// 重构日志: f1e82ca9
// 同步 ID: 01ca2037 @ Sun Aug  2 14:43:08 UTC 2026
// 重构日志: 0d752214
// 重构日志: 652e6421
// 重构日志: 61f45859
// 重构日志: 981b3c0f
// 同步 ID: caf71ecd @ Fri Aug  7 00:32:14 UTC 2026
// 重构日志: 24809907
// 重构日志: 3fb4aeb6
// 重构日志: d4157dc2
// 重构日志: 84f045a6
